// Vitest Snapshot v1, https://vitest.dev/guide/snapshot.html

exports[`InvestmentFaq > matches snapshot 1`] = `
"<div>
  <h2 class="font-hanken-grotesk font-bold text-2xl md:text-3xl lg:text-[30px] xl:text-[32px] leading-[100%] tracking-[1%] text-primary-200 mb-6"> FAQ </h2>
  <div class="flex flex-col gap-2">
    <div class="border border-primary-200 rounded-lg bg-white p-3 md:p-4 cursor-pointer hover:bg-gray-50 transition-colors w-full">
      <div class="flex items-center justify-between"><span class="font-hanken-grotesk text-primary-200 text-sm md:text-base pr-2 flex-1">What is this investment?</span><svg class="svg-inline--fa fa-chevron-down text-primary-200 transition-transform w-3 h-3 md:w-[12.53px] md:h-[22.2px] flex-shrink-0" data-prefix="fas" data-icon="chevron-down" role="img" viewBox="0 0 448 512" aria-hidden="true">
          <path class="" fill="currentColor" d="M201.4 406.6c12.5 12.5 32.8 12.5 45.3 0l192-192c12.5-12.5 12.5-32.8 0-45.3s-32.8-12.5-45.3 0L224 338.7 54.6 169.4c-12.5-12.5-32.8-12.5-45.3 0s-12.5 32.8 0 45.3l192 192z"></path>
        </svg></div>
      <!--v-if-->
    </div>
    <div class="border border-primary-200 rounded-lg bg-white p-3 md:p-4 cursor-pointer hover:bg-gray-50 transition-colors w-full">
      <div class="flex items-center justify-between"><span class="font-hanken-grotesk text-primary-200 text-sm md:text-base pr-2 flex-1">How long is the term?</span><svg class="svg-inline--fa fa-chevron-down text-primary-200 transition-transform w-3 h-3 md:w-[12.53px] md:h-[22.2px] flex-shrink-0" data-prefix="fas" data-icon="chevron-down" role="img" viewBox="0 0 448 512" aria-hidden="true">
          <path class="" fill="currentColor" d="M201.4 406.6c12.5 12.5 32.8 12.5 45.3 0l192-192c12.5-12.5 12.5-32.8 0-45.3s-32.8-12.5-45.3 0L224 338.7 54.6 169.4c-12.5-12.5-32.8-12.5-45.3 0s-12.5 32.8 0 45.3l192 192z"></path>
        </svg></div>
      <!--v-if-->
    </div>
  </div>
</div>"
`;
