// Vitest Snapshot v1, https://vitest.dev/guide/snapshot.html

exports[`InvestmentPage > matches snapshot when data is ready 1`] = `
"<div>
  <header class="header-mock" active-nav-item="invest">Header Component</header>
  <div>
    <div class="investment-overview-mock" investment-data="[object Object]" loading="[object Object]" error="">Investment Overview Component</div>
    <div fallback-tag="div" fallback-class="min-h-[400px] flex items-center justify-center">
      <div class="investment-details-mock" investment-data="[object Object]" loading="[object Object]">Investment Details Component</div>
    </div>
  </div>
  <footer class="footer-mock">Footer</footer>
</div>"
`;
